11:28:33 **** Incremental Build of configuration Debug for project ADC_interrupt ****
make -j12 all 
arm-none-eabi-size   ADC_interrupt.elf 
   text	   data	    bss	    dec	    hex	filename
   8984	     20	   1644	  10648	   2998	ADC_interrupt.elf
Finished building: default.size.stdout
 
11:28:36 **** Incremental Build of configuration Debug for project ADC_interrupt ****
make -j12 all 
arm-none-eabi-size   ADC_interrupt.elf 
   text	   data	    bss	    dec	    hex	filename
   8984	     20	   1644	  10648	   2998	ADC_interrupt.elf
Finished building: default.size.stdout
 
11:32:08 **** Incremental Build of configuration Debug for project ADC_interrupt ****
make -j12 all 
arm-none-eabi-size   ADC_interrupt.elf 
   text	   data	    bss	    dec	    hex	filename
   8984	     20	   1644	  10648	   2998	ADC_interrupt.elf
Finished building: default.size.stdout
 
