10:02:04 **** Incremental Build of configuration Debug for project TIMER4 ****
make -j12 all 
arm-none-eabi-gcc "../Core/Src/stm32f4xx_it.c" -mcpu=cortex-m4 -std=gnu11 -g3 -DDEBUG -DUSE_HAL_DRIVER -DSTM32F411xE -c -I../Core/Inc -I../Drivers/STM32F4xx_HAL_Driver/Inc -I../Drivers/STM32F4xx_HAL_Driver/Inc/Legacy -I../Drivers/CMSIS/Device/ST/STM32F4xx/Include -I../Drivers/CMSIS/Include -O0 -ffunction-sections -fdata-sections -Wall -fstack-usage -MMD -MP -MF"Core/Src/stm32f4xx_it.d" -MT"Core/Src/stm32f4xx_it.o" --specs=nano.specs -mfpu=fpv4-sp-d16 -mfloat-abi=hard -mthumb -o "Core/Src/stm32f4xx_it.o"
arm-none-eabi-gcc -o "TIMER4.elf" @"objects.list"   -mcpu=cortex-m4 -T"C:\Users\PHY202209EF10\STM32CubeIDE\workspace_1.10.1\TIMER_using_resisters\STM32F411RETX_FLASH.ld" --specs=nosys.specs -Wl,-Map="TIMER4.map" -Wl,--gc-sections -static --specs=nano.specs -mfpu=fpv4-sp-d16 -mfloat-abi=hard -mthumb -Wl,--start-group -lc -lm -Wl,--end-group
Finished building target: TIMER4.elf
 
arm-none-eabi-size   TIMER4.elf 
arm-none-eabi-objdump -h -S  TIMER4.elf  > "TIMER4.list"
   text	   data	    bss	    dec	    hex	filename
   7508	     20	   1644	   9172	   23d4	TIMER4.elf
Finished building: default.size.stdout
 
Finished building: TIMER4.list
 

10:02:05 Build Finished. 0 errors, 0 warnings. (took 466ms)

