12:05:39 **** Incremental Build of configuration Debug for project Timer_pwm_register ****
make -j12 all 
arm-none-eabi-gcc "../Core/Src/main.c" -mcpu=cortex-m4 -std=gnu11 -g3 -DDEBUG -DUSE_HAL_DRIVER -DSTM32F411xE -c -I../Core/Inc -I../Drivers/STM32F4xx_HAL_Driver/Inc -I../Drivers/STM32F4xx_HAL_Driver/Inc/Legacy -I../Drivers/CMSIS/Device/ST/STM32F4xx/Include -I../Drivers/CMSIS/Include -O0 -ffunction-sections -fdata-sections -Wall -fstack-usage -MMD -MP -MF"Core/Src/main.d" -MT"Core/Src/main.o" --specs=nano.specs -mfpu=fpv4-sp-d16 -mfloat-abi=hard -mthumb -o "Core/Src/main.o"
arm-none-eabi-gcc -o "Timer_pwm_register.elf" @"objects.list"   -mcpu=cortex-m4 -T"C:\Users\PHY202209EF10\STM32CubeIDE\workspace_1.10.1\Timer_pwm_register\STM32F411RETX_FLASH.ld" --specs=nosys.specs -Wl,-Map="Timer_pwm_register.map" -Wl,--gc-sections -static --specs=nano.specs -mfpu=fpv4-sp-d16 -mfloat-abi=hard -mthumb -Wl,--start-group -lc -lm -Wl,--end-group
Finished building target: Timer_pwm_register.elf
 
arm-none-eabi-size   Timer_pwm_register.elf 
arm-none-eabi-objdump -h -S  Timer_pwm_register.elf  > "Timer_pwm_register.list"
   text	   data	    bss	    dec	    hex	filename
    944	      8	   1568	   2520	    9d8	Timer_pwm_register.elf
Finished building: default.size.stdout
 
Finished building: Timer_pwm_register.list
 

12:05:40 Build Finished. 0 errors, 0 warnings. (took 448ms)

