11:41:12 **** Incremental Build of configuration Debug for project timerPWM ****
make -j12 all 
arm-none-eabi-gcc "../Core/Src/main.c" -mcpu=cortex-m4 -std=gnu11 -g3 -DDEBUG -DUSE_HAL_DRIVER -DSTM32F411xE -c -I../Core/Inc -I../Drivers/STM32F4xx_HAL_Driver/Inc -I../Drivers/STM32F4xx_HAL_Driver/Inc/Legacy -I../Drivers/CMSIS/Device/ST/STM32F4xx/Include -I../Drivers/CMSIS/Include -O0 -ffunction-sections -fdata-sections -Wall -fstack-usage -MMD -MP -MF"Core/Src/main.d" -MT"Core/Src/main.o" --specs=nano.specs -mfpu=fpv4-sp-d16 -mfloat-abi=hard -mthumb -o "Core/Src/main.o"
arm-none-eabi-gcc -o "timerPWM.elf" @"objects.list"   -mcpu=cortex-m4 -T"C:\Users\PHY202209EF10\STM32CubeIDE\workspace_1.10.1\timerPWM\STM32F411RETX_FLASH.ld" --specs=nosys.specs -Wl,-Map="timerPWM.map" -Wl,--gc-sections -static --specs=nano.specs -mfpu=fpv4-sp-d16 -mfloat-abi=hard -mthumb -Wl,--start-group -lc -lm -Wl,--end-group
Finished building target: timerPWM.elf
 
arm-none-eabi-size   timerPWM.elf 
arm-none-eabi-objdump -h -S  timerPWM.elf  > "timerPWM.list"
   text	   data	    bss	    dec	    hex	filename
  10388	     20	   1716	  12124	   2f5c	timerPWM.elf
Finished building: default.size.stdout
 
Finished building: timerPWM.list
 

11:41:13 Build Finished. 0 errors, 0 warnings. (took 505ms)

